   Compiling crossbeam-channel v0.5.16
   Compiling dssim-core v3.5.1 (/tmp/dssim-memory-fused/dssim-core)
   Compiling rayon v1.12.0
warning: trait `ParSliceLie` is never used
  --> dssim-core/src/lieon.rs:21:11
   |
21 | pub trait ParSliceLie<T> {
   |           ^^^^^^^^^^^
   |
   = note: `#[warn(dead_code)]` on by default

warning: trait `ParIterMutLie` is never used
  --> dssim-core/src/lieon.rs:40:11
   |
40 | pub trait ParIterMutLie<'a, T> {
   |           ^^^^^^^^^^^^^

warning: `dssim-core` (lib) generated 2 warnings
   Compiling jpeg-decoder v0.3.2
   Compiling load_image v3.4.1
   Compiling dssim v3.5.1 (/tmp/dssim-memory-fused)
warning: `dssim-core` (lib test) generated 2 warnings (2 duplicates)
    Finished `release` profile [optimized] target(s) in 10.11s
     Running unittests src/lib.rs (target/release/deps/dssim-9e92a8ddeaec4e59)

running 0 tests

test result: ok. 0 passed; 0 failed; 0 ignored; 0 measured; 0 filtered out; finished in 0.00s

     Running unittests src/main.rs (target/release/deps/dssim-799a2ad2d0cbbaa5)

running 4 tests
test rgblu_input ... ok
test image_gray ... ok
test image_load1 ... ok
test image_gray_profile ... ok

test result: ok. 4 passed; 0 failed; 0 ignored; 0 measured; 0 filtered out; finished in 0.02s

     Running unittests src/lib.rs (target/release/deps/dssim_core-b7e8878152e93787)

running 26 tests
test blur::blur_1x1 ... ok
test blur::blur_one_stride ... ok
test blur::blur_one ... ok
test blur::blur_two ... ok
test blur::blur_zero ... ok
test blur::equiv_tests::equiv_constant_zero ... ok
test blur::equiv_tests::equiv_constant_50 ... ok
test blur::equiv_tests::equiv_impulse ... ok
test blur::portable::dispatch_tests::blur_rows_are_bit_exact_across_tiers ... ok
test blur::equiv_tests::equiv_linear_gradient ... ok
test blur::equiv_tests::equiv_tiny_sizes ... ok
test blur::equiv_tests::equiv_strided_subimage ... ok
test dssim::poison ... ok
test image::dispatch_tests::downsample_is_bit_exact_across_tiers ... ok
test blur::equiv_tests::equiv_step_edge ... ok
test tolab::dispatch_tests::gray_rows_are_bit_exact_across_tiers ... ok
test tolab::dispatch_tests::grayscale_lab_ignores_row_padding ... ok
test tolab::cbrts1 ... ok
test tolab::cbrts2 ... ok
test dssim::dispatch_tests::ssim3_is_bit_exact_across_tiers ... ok
test blur::equiv_tests::equiv_random_uniform ... ok
test tolab::dispatch_tests::rgb_rows_are_bit_exact_across_tiers ... ok
test dssim::ssim_maps_scale_order ... ok
test dssim::ssim_locked_values ... ok
test dssim::png_compare ... ok
test tolab::fused_tests::fused_integer_inputs_match_materialized_bits ... ok

test result: ok. 26 passed; 0 failed; 0 ignored; 0 measured; 0 filtered out; finished in 0.07s

   Doc-tests dssim

running 0 tests

test result: ok. 0 passed; 0 failed; 0 ignored; 0 measured; 0 filtered out; finished in 0.00s

   Doc-tests dssim_core

running 0 tests

test result: ok. 0 passed; 0 failed; 0 ignored; 0 measured; 0 filtered out; finished in 0.00s
