     Cloning eb41ae307bfda358e41c022df2e2956fe5fd868c
    Building dssim v3.5.1 (current)
       Built [   1.765s] (current)
     Parsing dssim v3.5.1 (current)
      Parsed [   0.001s] (current)
    Building dssim v3.5.1 (baseline)
       Built [   1.744s] (baseline)
     Parsing dssim v3.5.1 (baseline)
      Parsed [   0.001s] (baseline)
    Checking dssim v3.5.1 -> v3.5.1 (no change; assume patch)
     Checked [   0.002s] 223 checks: 223 pass, 30 skip
     Summary no semver update required
    Finished [   4.391s] dssim
    Building dssim-core v3.5.1 (current)
       Built [   1.264s] (current)
     Parsing dssim-core v3.5.1 (current)
      Parsed [   0.002s] (current)
    Building dssim-core v3.5.1 (baseline)
       Built [   1.243s] (baseline)
     Parsing dssim-core v3.5.1 (baseline)
      Parsed [   0.002s] (baseline)
    Checking dssim-core v3.5.1 -> v3.5.1 (no change; assume patch)
     Checked [   0.002s] 223 checks: 223 pass, 30 skip
     Summary no semver update required
    Finished [   2.880s] dssim-core
